// Jest Snapshot v1, https://goo.gl/fbAQLP

exports[`<App /> counter 1`] = `
<Memo(App)>
  <div>
    1
  </div>
  <button
    onClick={[Function]}
    type="button"
  >
    Increment
  </button>
  <button
    onClick={[Function]}
    type="button"
  >
    Decrement
  </button>
</Memo(App)>
`;
